// Jest Snapshot v1, https://goo.gl/fbAQLP

exports[`Redux auth actions creates a AUTH_LOGOUT action 1`] = `
Object {
  "type": "AUTH_LOGOUT",
}
`;

exports[`Redux auth actions creates a AUTH_SET_IS_AUTH_USER action 1`] = `
Object {
  "payload": Object {
    "data": true,
  },
  "type": "AUTH_SET_IS_AUTH_USER",
}
`;
