// Jest Snapshot v1, https://goo.gl/fbAQLP

exports[`ProductsScreen renders correctly 1`] = `
<RCTSafeAreaView
  emulateUnlessSupported={true}
  style={
    Object {
      "flex": 1,
    }
  }
>
  <View
    style={
      Object {
        "backgroundColor": "#FFFFFF",
        "flex": 1,
        "paddingLeft": 20,
        "paddingRight": 20,
        "paddingTop": 10,
      }
    }
  >
    <ActivityIndicator
      animating={true}
      color="#860483"
      hidesWhenStopped={true}
      size="large"
    />
  </View>
</RCTSafeAreaView>
`;
