// Jest Snapshot v1, https://goo.gl/fbAQLP

exports[`Redux reviews reducers update state after SET_REVIEWS_DATA action 1`] = `
Object {
  "allIds": Array [
    "1",
  ],
  "entities": Object {
    "1": ReviewModel {
      "id": 1,
      "product": 1,
      "rate": 5,
      "text": "text",
      "userId": 1,
    },
  },
}
`;
